[{'id': 2, 'address': '567 Rongrong Way', 'city': 'UTSA City', 'state': 'TX', 'zip': '78250'}]