[{'message': 'state must be between 2 and 2 characters long'}]